// Jest Snapshot v1, https://goo.gl/fbAQLP

exports[`orgs.vue should be rendered properly 1`] = `undefined`;
