// Jest Snapshot v1, https://goo.gl/fbAQLP

exports[`Modal.vue renders a snapshot 1`] = `
<div class="modal">
  <div class="container"><span></span></div>
</div>
`;
