// Jest Snapshot v1, https://goo.gl/fbAQLP

exports[`navbar.vue renders a snapshot 1`] = ``;
