// Jest Snapshot v1, https://goo.gl/fbAQLP

exports[`Sidebar.vue renders a snapshot 1`] = ``;
