// Jest Snapshot v1, https://goo.gl/fbAQLP

exports[`orgListItem.vue renders a snapshot 1`] = `undefined`;
