// Jest Snapshot v1, https://goo.gl/fbAQLP

exports[`orgList.vue should be rendered properly 1`] = `undefined`;
