// Jest Snapshot v1, https://goo.gl/fbAQLP

exports[`orgPermissions.vue renders a snapshot 1`] = `
<div class="weni-org-permissions">
  <div style="display: flex; flex-direction: column; flex: 1;">
    <div class="group">
      <unnnicinput-stub placeholder="some specific text" type="normal" value="" nativetype="text" label="some specific text" size="md" mask=""></unnnicinput-stub>
      <div class="multiSelect">
        <unnnic-dropdown-stub position="bottom-left">
          <unnnic-input-stub placeholder="" type="normal" value="some specific text" nativetype="text" label="some specific text" iconright="arrow-button-down-1" size="md" mask="" readonly="" class=""></unnnic-input-stub>
          <unnnic-dropdown-item-stub>
            <h4>some specific text</h4> <span>
              some specific text
            </span>
          </unnnic-dropdown-item-stub>
          <unnnic-dropdown-item-stub>
            <h4>some specific text</h4> <span>
              some specific text
            </span>
          </unnnic-dropdown-item-stub>
          <unnnic-dropdown-item-stub>
            <h4>some specific text</h4> <span>
              some specific text
            </span>
          </unnnic-dropdown-item-stub>
        </unnnic-dropdown-stub>
      </div>
      <unnnicbutton-stub size="large" type="primary" disabled="true" class="" style="flex: 1;">
        some specific text
      </unnnicbutton-stub>
    </div>
    <div class="users">
      <infiniteloading-stub></infiniteloading-stub>
    </div>
  </div>
</div>
`;
