// Jest Snapshot v1, https://goo.gl/fbAQLP

exports[`OrgRole.vue renders a snapshot 1`] = `undefined`;
