// Jest Snapshot v1, https://goo.gl/fbAQLP

exports[`SearchUser.vue renders a snapshot 1`] = `<unnnicautocomplete-stub data="" highlight=""></unnnicautocomplete-stub>`;
