// Jest Snapshot v1, https://goo.gl/fbAQLP

exports[`newsletter.vue renders a snapshot 1`] = `
<div class="weni-newsletter">
  <div class="weni-newsletter__content"></div>
  <div class="weni-newsletter__load-more unnnic--clickable"><span> ï¼‹ some specific text </span></div>
</div>
`;
