// Jest Snapshot v1, https://goo.gl/fbAQLP

exports[`status.vue renders a snapshot 1`] = `<div class="weni-status"></div>`;
