// Jest Snapshot v1, https://goo.gl/fbAQLP

exports[`Avatar.vue renders correctly 1`] = `<div class="weni-avatar weni-avatar--size-md"><img src="@/assets/default-avatar.svg" width="100%" height="100%"></div>`;
