// Jest Snapshot v1, https://goo.gl/fbAQLP

exports[`Emoji.vue renders correctly 1`] = `<img src="test-file-stub" title="Winking Face">`;
