// Jest Snapshot v1, https://goo.gl/fbAQLP

exports[`NewInfiniteLoading.vue renders correctly 1`] = `undefined`;
