// Jest Snapshot v1, https://goo.gl/fbAQLP

exports[`RightSidebar.vue renders correctly 1`] = ``;
