// Jest Snapshot v1, https://goo.gl/fbAQLP

exports[`BillingInvoices.vue should be rendered properly 1`] = `
<div>
  <div class="loading" style="display: none;">
    <div class="filters">
      <unnnic-skeleton-loading tag="div" height="2.375rem" style="max-width: 18rem;"></unnnic-skeleton-loading>
    </div>
    <div class="table-header">
      <unnnic-skeleton-loading tag="div" height="2.875rem"></unnnic-skeleton-loading>
    </div>
  </div>
  <div class="filters">
    <date-picker-stub label="some specific text" months="some specific text" days="some specific text" options="[object Object],[object Object],[object Object],[object Object],[object Object],[object Object]" startdate="2021-5-1" enddate="2022-4-30" showmode="month-and-year"></date-picker-stub>
  </div>
  <unnnictable-stub items="" class="invoices-table"></unnnictable-stub>
  <infinite-loading-stub empty="true" hideerrorslot="true">
    <div class="loading">
      <div class="table-row">
        <unnnic-skeleton-loading tag="div" height="2.25rem"></unnnic-skeleton-loading>
      </div>
      <div class="table-row">
        <unnnic-skeleton-loading tag="div" height="2.25rem"></unnnic-skeleton-loading>
      </div>
      <div class="table-row">
        <unnnic-skeleton-loading tag="div" height="2.25rem"></unnnic-skeleton-loading>
      </div>
      <div class="table-row">
        <unnnic-skeleton-loading tag="div" height="2.25rem"></unnnic-skeleton-loading>
      </div>
    </div>
  </infinite-loading-stub>
</div>
`;
