// Jest Snapshot v1, https://goo.gl/fbAQLP

exports[`Card.vue renders a snapshot 1`] = `undefined`;
