// Jest Snapshot v1, https://goo.gl/fbAQLP

exports[`DatePicker.vue renders a snapshot 1`] = `
<div class="container" buttonaction="function mockConstructor() {
        return fn.apply(this, arguments);
      }"><span class="label"></span>
  <div class="dropdown">
    <unnnicinput-stub size="sm" icon-left="notes-1" readonly="" value="â€”" class="input"></unnnicinput-stub>
    <div class="dropdown-data">
      <!---->
    </div>
  </div>
</div>
`;
